(a: 15)
(b: 16)
(c: 15)
(r0: 10)
(r1: 4)
(r2: 6)
(r3: 6)
